error: the text 'x' doesn't match any token

  xbxxaxxxxxaaxxxb
  ~               

